---
source: cli/src/test/test.rs
expression: generated_json
---
{
  "components": {
    "schemas": {
      "Address": {
        "description": "Represents a user's address.",
        "properties": {
          "city": {
            "example": "Gwenborough",
            "type": "string"
          },
          "geo": {
            "$ref": "#/components/schemas/Geo"
          },
          "street": {
            "example": "Kulas Light",
            "type": "string"
          },
          "suite": {
            "example": "Apt. 556",
            "type": "string"
          },
          "zipcode": {
            "example": "92998-3874",
            "type": "string"
          }
        },
        "required": [
          "street",
          "suite",
          "city",
          "zipcode",
          "geo"
        ],
        "type": "object"
      },
      "Company": {
        "description": "Represents a company.",
        "properties": {
          "bs": {
            "example": "harness real-time e-markets",
            "type": "string"
          },
          "catchPhrase": {
            "example": "Multi-layered client-server neural-net",
            "type": "string"
          },
          "name": {
            "example": "Romaguera-Crona",
            "type": "string"
          }
        },
        "required": [
          "name",
          "catchPhrase",
          "bs"
        ],
        "type": "object"
      },
      "Error": {
        "description": "Represents an error response.",
        "properties": {
          "code": {
            "description": "Error code.",
            "type": "integer"
          },
          "message": {
            "description": "Error message.",
            "type": "string"
          }
        },
        "required": [
          "message"
        ],
        "type": "object"
      },
      "Geo": {
        "description": "Represents geographic coordinates.",
        "properties": {
          "lat": {
            "example": "-37.3159",
            "type": "string"
          },
          "lng": {
            "example": "81.1496",
            "type": "string"
          }
        },
        "required": [
          "lat",
          "lng"
        ],
        "type": "object"
      },
      "Todo": {
        "description": "Represents a todo entry.",
        "properties": {
          "completed": {
            "description": "Whether the todo is completed.",
            "example": false,
            "type": "boolean"
          },
          "id": {
            "description": "Unique identifier for the todo (GUIDv4).",
            "example": "550e8400-e29b-41d4-a716-446655440000",
            "type": "string"
          },
          "title": {
            "description": "Title of the todo.",
            "example": "delectus aut autem",
            "type": "string"
          },
          "user_id": {
            "description": "User ID associated with this todo.",
            "example": 1,
            "type": "integer"
          }
        },
        "required": [
          "id",
          "title",
          "completed",
          "user_id"
        ],
        "type": "object"
      },
      "User": {
        "description": "Represents a user.",
        "properties": {
          "address": {
            "$ref": "#/components/schemas/Address"
          },
          "company": {
            "$ref": "#/components/schemas/Company"
          },
          "email": {
            "example": "Sincere@april.biz",
            "type": "string"
          },
          "id": {
            "example": 1,
            "type": "integer"
          },
          "name": {
            "example": "Leanne Graham",
            "type": "string"
          },
          "phone": {
            "example": "1-770-736-8031 x56442",
            "type": "string"
          },
          "username": {
            "example": "Bret",
            "type": "string"
          },
          "website": {
            "example": "hildegard.org",
            "type": "string"
          }
        },
        "required": [
          "id",
          "name",
          "username",
          "email",
          "address",
          "phone",
          "website",
          "company"
        ],
        "type": "object"
      }
    }
  },
  "info": {
    "title": "Generated API",
    "version": "1.0.0"
  },
  "openapi": "3.0.0",
  "paths": {
    "/todos": {
      "get": {
        "description": "List all todos",
        "responses": {
          "200": {
            "content": {
              "application/json": {
                "schema": {
                  "items": {
                    "$ref": "#/components/schemas/Todo"
                  },
                  "type": "array"
                }
              }
            },
            "description": "2XX response"
          },
          "2XX": {
            "content": {
              "application/json": {
                "schema": {
                  "items": {
                    "$ref": "#/components/schemas/Todo"
                  },
                  "type": "array"
                }
              }
            },
            "description": "2XX response"
          },
          "4XX": {
            "content": {
              "application/json": {
                "schema": {
                  "$ref": "#/components/schemas/Error"
                }
              }
            },
            "description": "4XX response"
          },
          "5XX": {
            "content": {
              "application/json": {
                "schema": {
                  "$ref": "#/components/schemas/Error"
                }
              }
            },
            "description": "5XX response"
          }
        },
        "summary": "List all todos"
      }
    },
    "/todos/{todo_id}": {
      "get": {
        "description": "Gets data for a specific todo by its ID",
        "parameters": [
          {
            "in": "path",
            "name": "todo_id",
            "required": true,
            "schema": {
              "type": "string"
            }
          }
        ],
        "responses": {
          "200": {
            "content": {
              "application/json": {
                "schema": {
                  "$ref": "#/components/schemas/Todo"
                }
              }
            },
            "description": "2XX response"
          },
          "2XX": {
            "content": {
              "application/json": {
                "schema": {
                  "$ref": "#/components/schemas/Todo"
                }
              }
            },
            "description": "2XX response"
          },
          "4XX": {
            "content": {
              "application/json": {
                "schema": {
                  "$ref": "#/components/schemas/Error"
                }
              }
            },
            "description": "4XX response"
          },
          "5XX": {
            "content": {
              "application/json": {
                "schema": {
                  "$ref": "#/components/schemas/Error"
                }
              }
            },
            "description": "5XX response"
          }
        },
        "summary": "Gets data for a specific todo by its ID"
      }
    },
    "/users": {
      "get": {
        "description": "List all users",
        "responses": {
          "200": {
            "content": {
              "application/json": {
                "schema": {
                  "items": {
                    "$ref": "#/components/schemas/User"
                  },
                  "type": "array"
                }
              }
            },
            "description": "2XX response"
          },
          "2XX": {
            "content": {
              "application/json": {
                "schema": {
                  "items": {
                    "$ref": "#/components/schemas/User"
                  },
                  "type": "array"
                }
              }
            },
            "description": "2XX response"
          },
          "4XX": {
            "content": {
              "application/json": {
                "schema": {
                  "$ref": "#/components/schemas/Error"
                }
              }
            },
            "description": "4XX response"
          },
          "5XX": {
            "content": {
              "application/json": {
                "schema": {
                  "$ref": "#/components/schemas/Error"
                }
              }
            },
            "description": "5XX response"
          }
        },
        "summary": "List all users"
      }
    },
    "/users/{user_id}": {
      "get": {
        "description": "Gets data for a specific user by their ID",
        "parameters": [
          {
            "in": "path",
            "name": "user_id",
            "required": true,
            "schema": {
              "type": "string"
            }
          }
        ],
        "responses": {
          "200": {
            "content": {
              "application/json": {
                "schema": {
                  "$ref": "#/components/schemas/User"
                }
              }
            },
            "description": "2XX response"
          },
          "2XX": {
            "content": {
              "application/json": {
                "schema": {
                  "$ref": "#/components/schemas/User"
                }
              }
            },
            "description": "2XX response"
          },
          "4XX": {
            "content": {
              "application/json": {
                "schema": {
                  "$ref": "#/components/schemas/Error"
                }
              }
            },
            "description": "4XX response"
          },
          "5XX": {
            "content": {
              "application/json": {
                "schema": {
                  "$ref": "#/components/schemas/Error"
                }
              }
            },
            "description": "5XX response"
          }
        },
        "summary": "Gets data for a specific user by their ID"
      }
    }
  }
}
