---
source: cli/src/test/test.rs
expression: generated_code
---
#![allow(clippy::all, clippy::pedantic, clippy::nursery)]

pub type MovieId = String;

pub type MovieList = Vec<Movie>;

/// Represents a movie entry.
#[derive(serde::Serialize, serde::Deserialize, Debug, Clone, Default)]
pub struct Movie {
    /// Unique identifier for the movie (GUIDv4).
    pub id: MovieId,
    /// Title of the movie.
    pub title: String,
    /// Year the movie was released.
    #[serde(rename = "releaseYear")]
    pub release_year: isize,
    /// List of tags associated with the movie.
    pub tags: Vec<String>,
}

/// Represents an error response.
#[derive(serde::Serialize, serde::Deserialize, Debug, Clone, Default)]
pub struct Error {
    /// Error message.
    pub message: String,
    /// Error code.
    #[serde(skip_serializing_if = "Option::is_none")]
    pub code: Option<isize>,
}
