---
source: codegen/src/codegen_python.rs
expression: "gen_python_with_framework(SIMPLE_MODEL,\nGlueConfigSchemaGenerationPythonPythonFramework::Msgspec)"
---
# pylint: disable=missing-class-docstring, missing-function-docstring, missing-module-docstring

import msgspec
from enum import StrEnum
from typing import Any, Optional, Union

class User(msgspec.Struct):
    name: str
    """The user's display name"""
    age: int
    email: Optional[str] = None
    active: bool = True
