---
source: codegen/src/codegen_rust.rs
expression: output
---
#![allow(clippy::all, clippy::pedantic, clippy::nursery)]

use std::collections::HashMap;

#[derive(serde::Serialize, serde::Deserialize, Debug, Clone, Default)]
pub struct Container {
    pub inner: ContainerInner,
}

#[derive(serde::Serialize, serde::Deserialize, Debug, Clone, Default)]
pub struct ContainerInner {
    /// Nested map field
    pub data: HashMap<String, serde_json::Value>,
}
