---
source: gluegen/src/cli/subcommand_gen.rs
expression: snapshot
---
{
    "$schema": "http://json-schema.org/draft-07/schema#",
    "title": "Config",
    "type": "object",
    "properties": {
        "title": {
            "type": "string"
        },
        "version": {
            "type": "string"
        },
        "debug": {
            "type": "boolean"
        },
        "database": {
            "type": "object",
            "properties": {
                "host": {
                    "type": "string"
                },
                "port": {
                    "type": "integer"
                },
                "username": {
                    "type": "string"
                },
                "password": {
                    "type": "string"
                }
            }
        }
    }
}
